>>> add_integer = __import__("0-add_integer").add_integer

>>> add_integer(25, 2)
27

>>> add_integer(-25, -2)
-27

>>> add_integer(-25, 2)
-23

>>> add_integer(25.52, 2.25)
27

>>> add_integer(2, 2.25)
4

>>> add_integer(25)
123

>>> add_integer(25, "notaninteger")
Traceback (most recent call last):
...
TypeError: b must be an integer

>>> add_integer(float('inf'))
Traceback (most recent call last):
...
OverflowError: cannot convert float infinity to integer

>>> add_integer(float('nan'))
Traceback (most recent call last):
...
ValueError: cannot convert float NaN to integer
